I'm sorry, but errors were detected in your script. Please correct the
errors listed below, and try again.


File "game/script.rpy", line 906: end of line expected.
    show Aurora Confused at Move(two_right, one_right, slow_step), centerAnchor behin Celestia
                                                                                ^

Ren'Py Version: Ren'Py 8.3.7.25031702
Wed Aug  6 22:41:22 2025
